// Vitest Snapshot v1, https://vitest.dev/guide/snapshot.html

exports[`SalesSummary memo > matches snapshot 1`] = `
<DocumentFragment>
  <div
    class="flex flex-wrap gap-4"
  >
    <div
      class="flex-1 min-w-[200px] rounded-lg panel px-6 py-3 flex flex-col items-center"
    >
      <p
        class="text-sm text-white/80"
      >
        🏆 Total Revenue
      </p>
      <div
        class="text-xl font-semibold text-white flex items-center justify-center h-[38px]"
      >
        1 234.56 $
      </div>
    </div>
    <div
      class="flex-1 min-w-[200px] rounded-lg panel px-6 py-3 flex flex-col items-center"
    >
      <p
        class="text-sm text-white/80"
      >
        📊 Total Orders
      </p>
      <div
        class="text-xl font-semibold text-white flex items-center justify-center h-[38px]"
      >
        78
      </div>
    </div>
    <div
      class="flex-1 min-w-[200px] rounded-lg panel px-6 py-3 flex flex-col items-center"
    >
      <p
        class="text-sm text-white/80"
      >
        💰 Average Order Value
      </p>
      <div
        class="text-xl font-semibold text-white flex items-center justify-center h-[38px]"
      >
        15.87 $
      </div>
    </div>
  </div>
</DocumentFragment>
`;

exports[`SalesSummaryComponent > matches snapshot 1`] = `
<DocumentFragment>
  <div
    class="flex flex-wrap gap-4"
  >
    <div
      class="flex-1 min-w-[200px] rounded-lg panel px-6 py-3 flex flex-col items-center"
    >
      <p
        class="text-sm text-white/80"
      >
        🏆 Total Revenue
      </p>
      <div
        class="text-xl font-semibold text-white flex items-center justify-center h-[38px]"
      >
        1 234.56 $
      </div>
    </div>
    <div
      class="flex-1 min-w-[200px] rounded-lg panel px-6 py-3 flex flex-col items-center"
    >
      <p
        class="text-sm text-white/80"
      >
        📊 Total Orders
      </p>
      <div
        class="text-xl font-semibold text-white flex items-center justify-center h-[38px]"
      >
        78
      </div>
    </div>
    <div
      class="flex-1 min-w-[200px] rounded-lg panel px-6 py-3 flex flex-col items-center"
    >
      <p
        class="text-sm text-white/80"
      >
        💰 Average Order Value
      </p>
      <div
        class="text-xl font-semibold text-white flex items-center justify-center h-[38px]"
      >
        15.87 $
      </div>
    </div>
  </div>
</DocumentFragment>
`;
